<script type="text/ng-template" id="cherryPick/foo.html">
<div>
	Foo
</div>
</script>
