<script type="text/ng-template" id="cherryPick/bar.html">
<div>
	Bar
</div>
</script>
<script type="text/ng-template" id="cherryPick/woot.html">
<div>
	Woot
</div>
</script>
