<script type="text/ng-template" id="combineWithoutComment/bar.html">
<div>
	Bar
</div>
</script>
<script type="text/ng-template" id="combineWithoutComment/woot.html">
<div>
	Woot
</div>
</script>
