<!-- Merge of test/fixtures/combineWithChangeIdentifier -->
<script type="text/ng-template" id="bar">
<div>
	Bar
</div>
</script>
<script type="text/ng-template" id="woot">
<div>
	Woot
</div>
</script>
