<!-- Merge of test/fixtures/test1 -->
<script type="text/ng-template" id="test1/bar.html">
<div>
	Bar
</div>
</script>
<script type="text/ng-template" id="test1/woot.html">
<div>
	Woot
</div>
</script>
