<!-- Merge of test/fixtures/test2 -->
<script type="text/ng-template" id="test2/bar.html">
<div>
	Bar
</div>
</script>
<script type="text/ng-template" id="test2/foo.html">
<div>
	Foo
</div>
</script>
